Types.hpp:81:5:touchgfx::colortype::colortype()	16	static
Container.hpp:154:15:touchgfx::Drawable* touchgfx::Container::getFirstChild()	16	static
HAL.hpp:108:17:static touchgfx::HAL* touchgfx::HAL::getInstance()	4	static
HAL.hpp:225:17:static touchgfx::LCD& touchgfx::HAL::lcd()	4	static
Color.hpp:51:22:static touchgfx::colortype touchgfx::Color::getColorFrom24BitRGB(uint8_t, uint8_t, uint8_t)	24	static
SequencePlaybackControl.cpp:10:1:SequencePlaybackControl::SequencePlaybackControl()	16	static
SequencePlaybackControl.cpp:16:1:SequencePlaybackControl::~SequencePlaybackControl()	16	static
SequencePlaybackControl.cpp:16:1:virtual SequencePlaybackControl::~SequencePlaybackControl()	16	static
SequencePlaybackControl.cpp:32:6:static void SequencePlaybackControl::Play()	16	static
SequencePlaybackControl.cpp:42:6:static void SequencePlaybackControl::Stop()	4	static
SequencePlaybackControl.cpp:47:6:static void SequencePlaybackControl::Pause()	4	static
SequencePlaybackControl.cpp:52:6:static void SequencePlaybackControl::Resume()	4	static
SequencePlaybackControl.cpp:57:6:static void SequencePlaybackControl::GoToPosition(size_t)	16	static
SequencePlaybackControl.cpp:62:6:static void SequencePlaybackControl::PlaybackThreadFunction(void*)	96	static
SequencePlaybackControl.cpp:206:13:static ArmPosition SequencePlaybackControl::Char2ArmPosition(char*)	56	static
