main.c:159:5:main	8	static
main.c:249:6:SystemClock_Config	136	static
main.c:301:13:MX_CRC_Init	8	static
main.c:327:13:MX_DMA2D_Init	8	static
main.c:364:13:MX_I2C3_Init	8	static
main.c:410:13:MX_LTDC_Init	64	static
main.c:477:13:MX_SPI5_Init	8	static
main.c:513:13:MX_FMC_Init	56	static
main.c:568:13:MX_GPIO_Init	64	static
main.c:611:13:BSP_SDRAM_Initialization_Sequence	24	static
main.c:669:6:IOE_Init	4	static
main.c:678:6:IOE_ITConfig	4	static
main.c:690:6:IOE_Write	16	static
main.c:701:9:IOE_Read	16	static
main.c:714:10:IOE_ReadMultiple	16	static
main.c:723:6:IOE_Delay	16	static
main.c:734:13:I2C3_WriteData	40	static
main.c:754:16:I2C3_ReadData	40	static
main.c:779:16:I2C3_ReadBuffer	40	static
main.c:804:17:SPI5_Read	24	static
main.c:825:13:SPI5_Write	24	static
main.c:842:13:SPI5_Error	4	static
main.c:851:6:LCD_IO_Init	8	static
main.c:861:6:LCD_IO_WriteData	16	static
main.c:877:6:LCD_IO_WriteReg	16	static
main.c:896:10:LCD_IO_ReadData	24	static
main.c:923:6:LCD_Delay	16	static
main.c:937:13:TouchGFX_Task	16	static
main.c:956:6:HAL_TIM_PeriodElapsedCallback	16	static
main.c:978:6:Error_Handler	4	static
main.c:991:13:MX_TIM2_Init	64	static
main.c:1050:13:MX_TIM3_Init	64	static
main.c:1109:13:MX_TIM4_Init	64	static
main.c:1168:13:MX_TIM5_Init	64	static
main.c:1225:13:MX_DMA_Init	16	static
