main.c:825:13:SPI5_Write	16	static
main.c:937:13:TouchGFX_Task	8	static
main.c:249:6:SystemClock_Config	152	static
main.c:159:5:main	136	static
main.c:669:6:IOE_Init	0	static
main.c:678:6:IOE_ITConfig	0	static
main.c:690:6:IOE_Write	32	static
main.c:701:9:IOE_Read	32	static
main.c:714:10:IOE_ReadMultiple	24	static
main.c:723:6:IOE_Delay	0	static
main.c:851:6:LCD_IO_Init	8	static
main.c:861:6:LCD_IO_WriteData	16	static
main.c:877:6:LCD_IO_WriteReg	16	static
main.c:896:10:LCD_IO_ReadData	32	static
main.c:923:6:LCD_Delay	0	static
main.c:956:6:HAL_TIM_PeriodElapsedCallback	0	static
main.c:978:6:Error_Handler	0	static
