stm32f4xx_hal_msp.c:70:6:HAL_MspInit	8	static
stm32f4xx_hal_msp.c:94:6:HAL_CRC_MspInit	8	static
stm32f4xx_hal_msp.c:116:6:HAL_CRC_MspDeInit	0	static
stm32f4xx_hal_msp.c:138:6:HAL_DMA2D_MspInit	16	static
stm32f4xx_hal_msp.c:163:6:HAL_DMA2D_MspDeInit	0	static
stm32f4xx_hal_msp.c:188:6:HAL_I2C_MspInit	64	static
stm32f4xx_hal_msp.c:236:6:HAL_I2C_MspDeInit	8	static
stm32f4xx_hal_msp.c:267:6:HAL_LTDC_MspInit	72	static
stm32f4xx_hal_msp.c:379:6:HAL_LTDC_MspDeInit	8	static
stm32f4xx_hal_msp.c:441:6:HAL_SPI_MspInit	40	static
stm32f4xx_hal_msp.c:478:6:HAL_SPI_MspDeInit	0	static
stm32f4xx_hal_msp.c:610:6:HAL_SDRAM_MspInit	48	static
stm32f4xx_hal_msp.c:696:6:HAL_SDRAM_MspDeInit	8	static
stm32f4xx_hal_msp.c:714:6:HAL_TIM_Base_MspInit	32	static
stm32f4xx_hal_msp.c:846:6:HAL_TIM_MspPostInit	48	static
stm32f4xx_hal_msp.c:940:6:HAL_TIM_Base_MspDeInit	8	static
