Types.hpp:146:5:touchgfx::Rect::Rect(int16_t, int16_t, int16_t, int16_t)	24	static
Drawable.hpp:64:13:touchgfx::Drawable::~Drawable()	16	static
Drawable.hpp:64:13:virtual touchgfx::Drawable::~Drawable()	16	static
Drawable.hpp:207:18:virtual void touchgfx::Drawable::setPosition(int16_t, int16_t, int16_t, int16_t)	24	static
Drawable.hpp:261:18:virtual void touchgfx::Drawable::setX(int16_t)	16	static
Drawable.hpp:273:18:virtual void touchgfx::Drawable::setY(int16_t)	16	static
Drawable.hpp:289:18:virtual void touchgfx::Drawable::setXY(int16_t, int16_t)	16	static
Drawable.hpp:302:18:virtual void touchgfx::Drawable::setWidth(int16_t)	16	static
Drawable.hpp:314:18:virtual void touchgfx::Drawable::setHeight(int16_t)	16	static
Drawable.hpp:324:18:virtual void touchgfx::Drawable::childGeometryChanged()	16	static
Drawable.hpp:334:18:virtual void touchgfx::Drawable::handleClickEvent(const touchgfx::ClickEvent&)	16	static
Drawable.hpp:344:18:virtual void touchgfx::Drawable::handleGestureEvent(const touchgfx::GestureEvent&)	16	static
Drawable.hpp:354:18:virtual void touchgfx::Drawable::handleDragEvent(const touchgfx::DragEvent&)	16	static
Drawable.hpp:364:18:virtual void touchgfx::Drawable::handleTickEvent()	16	static
Drawable.hpp:400:10:bool touchgfx::Drawable::isVisible() const	16	static
Drawable.hpp:412:10:bool touchgfx::Drawable::isTouchable() const	16	static
Drawable.hpp:451:18:virtual void touchgfx::Drawable::moveTo(int16_t, int16_t)	16	static
Drawable.hpp:488:10:void touchgfx::Drawable::resetDrawChainCache()	16	static
Drawable.hpp:566:18:virtual void touchgfx::Drawable::setupDrawChain(const touchgfx::Rect&, touchgfx::Drawable**)	24	static
TypedText.hpp:68:13:touchgfx::TypedText::~TypedText()	16	static
TypedText.hpp:68:13:virtual touchgfx::TypedText::~TypedText()	16	static
Widget.hpp:50:18:virtual void touchgfx::Widget::getLastChild(int16_t, int16_t, touchgfx::Drawable**)	24	static
Widget.hpp:39:7:touchgfx::Widget::~Widget()	16	static
Widget.hpp:39:7:virtual touchgfx::Widget::~Widget()	16	static
TextArea.hpp:52:18:virtual touchgfx::Rect touchgfx::TextArea::getSolidRect() const	24	static
TextArea.hpp:103:18:virtual void touchgfx::TextArea::setBaselineY(int16_t)	48	static
TextArea.hpp:119:18:virtual void touchgfx::TextArea::setXBaselineY(int16_t, int16_t)	16	static
TypedText.hpp:44:7:constexpr touchgfx::TypedText::TypedText(const touchgfx::TypedText&)	16	static
TextArea.hpp:228:15:touchgfx::TypedText touchgfx::TextArea::getTypedText() const	16	static
TextArea.hpp:44:7:touchgfx::TextArea::~TextArea()	16	static
TextArea.hpp:44:7:virtual touchgfx::TextArea::~TextArea()	16	static
TextAreaWithWildcard.hpp:45:21:virtual int16_t touchgfx::TextAreaWithOneWildcard::getTextHeight()	40	static
TextAreaWithWildcard.hpp:76:22:virtual uint16_t touchgfx::TextAreaWithOneWildcard::getTextWidth() const	72	static
Container.hpp:42:7:touchgfx::Container::~Container()	16	static
Container.hpp:42:7:virtual touchgfx::Container::~Container()	16	static
positionContainerBase.hpp:16:13:positionContainerBase::~positionContainerBase()	16	static
positionContainerBase.hpp:16:13:virtual positionContainerBase::~positionContainerBase()	16	static
positionContainer.hpp:10:13:positionContainer::~positionContainer()	16	static
positionContainer.hpp:10:13:virtual positionContainer::~positionContainer()	16	static
positionContainer.cpp:3:1:positionContainer::positionContainer()	16	static
positionContainer.cpp:8:6:virtual void positionContainer::initialize()	16	static
positionContainer.cpp:13:6:void positionContainer::SetText(char*)	16	static
positionContainer.cpp:18:6:void positionContainer::SetText(touchgfx::Unicode::UnicodeChar*)	16	static
positionContainer.cpp:23:33:touchgfx::Unicode::UnicodeChar* positionContainer::GetText()	16	static
TextAreaWithWildcard.hpp:37:7:touchgfx::TextAreaWithOneWildcard::~TextAreaWithOneWildcard()	16	static
TextAreaWithWildcard.hpp:37:7:virtual touchgfx::TextAreaWithOneWildcard::~TextAreaWithOneWildcard()	16	static
ClickListener.hpp:35:7:touchgfx::ClickListener<touchgfx::TextAreaWithOneWildcard>::~ClickListener()	16	static
ClickListener.hpp:35:7:virtual touchgfx::ClickListener<touchgfx::TextAreaWithOneWildcard>::~ClickListener()	16	static
ClickListener.hpp:51:18:void touchgfx::ClickListener<T>::handleClickEvent(const touchgfx::ClickEvent&) [with T = touchgfx::TextAreaWithOneWildcard]	16	static
