Screen.hpp:108:18:virtual void touchgfx::Screen::afterTransition()	0	static
Screen.hpp:148:18:virtual void touchgfx::Screen::handleTickEvent()	0	static
Screen.hpp:158:18:virtual void touchgfx::Screen::handleKeyEvent(uint8_t)	0	static
sequenceScreenViewBase.hpp:25:18:virtual void sequenceScreenViewBase::positionsListUpdateItem(positionContainer&, int16_t)	0	static
sequenceScreenView.cpp:24:6:virtual void sequenceScreenView::tearDownScreen()	0	static
DrawableList.hpp:79:7:touchgfx::DrawableListItems<positionContainer, 9>::~DrawableListItems()	16	static
DrawableList.hpp:101:21:int16_t touchgfx::DrawableListItems<TYPE, SIZE>::getNumberOfDrawables() [with TYPE = positionContainer; int SIZE = 9]	0	static
sequenceScreenView.cpp:19:6:virtual void sequenceScreenView::setupScreen()	0	static
DrawableList.hpp:79:7:virtual touchgfx::DrawableListItems<positionContainer, 9>::~DrawableListItems()	8	static
DrawableList.hpp:82:23:touchgfx::Drawable* touchgfx::DrawableListItems<TYPE, SIZE>::getDrawable(int16_t) [with TYPE = positionContainer; int SIZE = 9]	8	static
sequenceScreenView.cpp:39:6:virtual void sequenceScreenView::AddNewPositionButton_Clicked()	72	static
sequenceScreenView.hpp:11:13:sequenceScreenView::~sequenceScreenView()	8	static
sequenceScreenView.hpp:11:13:virtual sequenceScreenView::~sequenceScreenView()	8	static
sequenceScreenView.cpp:14:1:sequenceScreenView::sequenceScreenView()	8	static
sequenceScreenView.cpp:57:1:cpp)	0	static
