Screen.hpp:108:18:virtual void touchgfx::Screen::afterTransition()	0	static
Screen.hpp:148:18:virtual void touchgfx::Screen::handleTickEvent()	0	static
Screen.hpp:158:18:virtual void touchgfx::Screen::handleKeyEvent(uint8_t)	0	static
sequenceScreenView.hpp:11:13:sequenceScreenView::~sequenceScreenView()	0	static
sequenceScreenView.cpp:18:6:virtual void sequenceScreenView::tearDownScreen()	0	static
sequenceScreenView.cpp:13:6:virtual void sequenceScreenView::setupScreen()	0	static
sequenceScreenView.hpp:11:13:virtual sequenceScreenView::~sequenceScreenView()	8	static
sequenceScreenView.cpp:8:1:sequenceScreenView::sequenceScreenView()	8	static
