TypedText.hpp:68:13:touchgfx::TypedText::~TypedText()	0	static
TypedText.hpp:68:13:virtual touchgfx::TypedText::~TypedText()	8	static
FontCache.cpp:13:1:touchgfx::FontCache::FontCache()	0	static
FontCache.cpp:18:6:void touchgfx::FontCache::clear(bool)	16	static
FontCache.cpp:32:6:void touchgfx::FontCache::setMemory(uint8_t*, uint32_t)	0	static
FontCache.cpp:40:6:void touchgfx::FontCache::setReader(touchgfx::FontDataReader*)	0	static
FontCache.cpp:45:18:const GlyphNode* touchgfx::FontCache::getGlyph(touchgfx::Unicode::UnicodeChar, touchgfx::FontId) const	0	static
FontCache.cpp:60:6:void touchgfx::FontCache::open()	0	static
FontCache.cpp:68:6:void touchgfx::FontCache::close()	0	static
FontCache.cpp:186:6:bool touchgfx::FontCache::contains(touchgfx::Unicode::UnicodeChar, touchgfx::FontId) const	0	static
FontCache.cpp:337:6:bool touchgfx::FontCache::sortSortedString(int)	20	static
FontCache.cpp:289:6:bool touchgfx::FontCache::createSortedString(const UnicodeChar*)	16	static
FontCache.cpp:310:6:)	124	static
FontCache.cpp:363:6:void touchgfx::FontCache::setPosition(uint32_t)	0	static
FontCache.cpp:371:6:void touchgfx::FontCache::readData(void*, uint32_t)	0	static
FontCache.cpp:76:6:void touchgfx::FontCache::initializeCachedFont(touchgfx::TypedText, touchgfx::CachedFont*, bool)	120	static
FontCache.cpp:229:10:uint8_t* touchgfx::FontCache::copyGlyph(uint8_t*, touchgfx::Unicode::UnicodeChar, touchgfx::FontId, uint32_t, bool&)	24	static
FontCache.cpp:201:6:void touchgfx::FontCache::insert(touchgfx::Unicode::UnicodeChar, touchgfx::FontId, uint32_t, bool&)	24	static
FontCache.cpp:263:6:void touchgfx::FontCache::cacheData(uint32_t, touchgfx::GlyphNode*)	24	static
FontCache.cpp:138:6:bool touchgfx::FontCache::cacheSortedString(touchgfx::TypedText)	64	static
FontCache.cpp:112:6:bool touchgfx::FontCache::cacheString(touchgfx::TypedText, const UnicodeChar*)	24	static
FontCache.cpp:125:6:bool touchgfx::FontCache::cacheLigatures(touchgfx::CachedFont*, touchgfx::TypedText, const UnicodeChar*)	40	static
