Font.hpp:177:30:virtual const GlyphNode* touchgfx::Font::getGlyph(touchgfx::Unicode::UnicodeChar) const	16	static
Font.hpp:196:34:virtual touchgfx::Unicode::UnicodeChar touchgfx::Font::getFallbackChar() const	0	static
Font.hpp:209:34:virtual touchgfx::Unicode::UnicodeChar touchgfx::Font::getEllipsisChar() const	0	static
Font.hpp:298:44:virtual uint16_t touchgfx::Font::getFontHeight() const	0	static
Font.hpp:310:44:virtual uint16_t touchgfx::Font::getMinimumTextHeight() const	0	static
Font.hpp:320:43:virtual uint8_t touchgfx::Font::getBitsPerPixel() const	0	static
Font.hpp:330:43:virtual uint8_t touchgfx::Font::getByteAlignRow() const	0	static
GeneratedFont.hpp:69:29:virtual const uint16_t* touchgfx::GeneratedFont::getGSUBTable() const	0	static
GeneratedFont.hpp:17:7:touchgfx::GeneratedFont::~GeneratedFont()	0	static
GeneratedFont.cpp:16:16:virtual const uint8_t* touchgfx::GeneratedFont::getPixelData(const GlyphNode*) const	0	static
GeneratedFont.cpp:22:8:virtual int8_t touchgfx::GeneratedFont::getKerning(touchgfx::Unicode::UnicodeChar, const GlyphNode*) const	8	static
GeneratedFont.hpp:17:7:virtual touchgfx::GeneratedFont::~GeneratedFont()	8	static
GeneratedFont.cpp:8:1:touchgfx::GeneratedFont::GeneratedFont(const GlyphNode*, uint16_t, uint16_t, uint8_t, uint8_t, uint8_t, uint8_t, uint8_t, const uint8_t* const*, const touchgfx::KerningNode*, touchgfx::Unicode::UnicodeChar, touchgfx::Unicode::UnicodeChar, const uint16_t*)	48	static
