Drawable.hpp:207:18:virtual void touchgfx::Drawable::setPosition(int16_t, int16_t, int16_t, int16_t)	16	static
Drawable.hpp:261:18:virtual void touchgfx::Drawable::setX(int16_t)	0	static
Drawable.hpp:273:18:virtual void touchgfx::Drawable::setY(int16_t)	0	static
Drawable.hpp:289:18:virtual void touchgfx::Drawable::setXY(int16_t, int16_t)	16	static
Drawable.hpp:302:18:virtual void touchgfx::Drawable::setWidth(int16_t)	0	static
Drawable.hpp:314:18:virtual void touchgfx::Drawable::setHeight(int16_t)	0	static
Drawable.hpp:324:18:virtual void touchgfx::Drawable::childGeometryChanged()	0	static
Drawable.hpp:334:18:virtual void touchgfx::Drawable::handleClickEvent(const touchgfx::ClickEvent&)	0	static
Drawable.hpp:344:18:virtual void touchgfx::Drawable::handleGestureEvent(const touchgfx::GestureEvent&)	0	static
Drawable.hpp:354:18:virtual void touchgfx::Drawable::handleDragEvent(const touchgfx::DragEvent&)	0	static
Drawable.hpp:364:18:virtual void touchgfx::Drawable::handleTickEvent()	0	static
Drawable.hpp:451:18:virtual void touchgfx::Drawable::moveTo(int16_t, int16_t)	4	static
Drawable.hpp:566:18:virtual void touchgfx::Drawable::setupDrawChain(const touchgfx::Rect&, touchgfx::Drawable**)	0	static
Screen.hpp:97:18:virtual void touchgfx::Screen::setupScreen()	0	static
Screen.hpp:108:18:virtual void touchgfx::Screen::afterTransition()	0	static
Screen.hpp:119:18:virtual void touchgfx::Screen::tearDownScreen()	0	static
Screen.hpp:148:18:virtual void touchgfx::Screen::handleTickEvent()	0	static
Screen.hpp:158:18:virtual void touchgfx::Screen::handleKeyEvent(uint8_t)	0	static
Widget.hpp:50:18:virtual void touchgfx::Widget::getLastChild(int16_t, int16_t, touchgfx::Drawable**)	0	static
TypedText.hpp:68:13:touchgfx::TypedText::~TypedText()	0	static
View.hpp:40:7:touchgfx::View<mainScreenPresenter>::~View()	0	static
mainScreenViewBase.hpp:21:13:mainScreenViewBase::~mainScreenViewBase()	0	static
mainScreenViewBase.hpp:27:18:virtual void mainScreenViewBase::XAxisSliderValue_Changed(int)	0	static
mainScreenViewBase.hpp:32:18:virtual void mainScreenViewBase::YAxisSlider_L_Value_Changed(int)	0	static
mainScreenViewBase.hpp:37:18:virtual void mainScreenViewBase::ManipulatorControlToggleButton_Clicked()	0	static
mainScreenViewBase.hpp:42:18:virtual void mainScreenViewBase::YAxisSlider_R_Value_Changed(int)	0	static
mainScreenViewBase.cpp:89:6:virtual void mainScreenViewBase::setupScreen()	0	static
Callback.hpp:294:8:touchgfx::Callback<mainScreenViewBase, const touchgfx::Slider&, int>::~Callback()	0	static
Callback.hpp:362:8:touchgfx::Callback<mainScreenViewBase, const touchgfx::AbstractButton&>::~Callback()	0	static
Callback.hpp:323:18:void touchgfx::Callback<dest_type, T1, T2, void>::execute(T1, T2) [with dest_type = mainScreenViewBase; T1 = const touchgfx::Slider&; T2 = int]	12	static
Callback.hpp:333:18:bool touchgfx::Callback<dest_type, T1, T2, void>::isValid() const [with dest_type = mainScreenViewBase; T1 = const touchgfx::Slider&; T2 = int]	0	static
Callback.hpp:392:18:void touchgfx::Callback<dest_type, T1, void, void>::execute(T1) [with dest_type = mainScreenViewBase; T1 = const touchgfx::AbstractButton&]	8	static
Callback.hpp:402:18:bool touchgfx::Callback<dest_type, T1, void, void>::isValid() const [with dest_type = mainScreenViewBase; T1 = const touchgfx::AbstractButton&]	0	static
TypedText.hpp:68:13:virtual touchgfx::TypedText::~TypedText()	8	static
View.hpp:40:7:virtual touchgfx::View<mainScreenPresenter>::~View()	8	static
Callback.hpp:362:8:virtual touchgfx::Callback<mainScreenViewBase, const touchgfx::AbstractButton&>::~Callback()	8	static
Callback.hpp:294:8:virtual touchgfx::Callback<mainScreenViewBase, const touchgfx::Slider&, int>::~Callback()	8	static
mainScreenViewBase.hpp:21:13:virtual mainScreenViewBase::~mainScreenViewBase()	8	static
mainScreenViewBase.cpp:112:6:void mainScreenViewBase::sliderValueChangedCallbackHandler(const touchgfx::Slider&, int)	4	static
mainScreenViewBase.cpp:94:6:void mainScreenViewBase::buttonCallbackHandler(const touchgfx::AbstractButton&)	8	static
Drawable.hpp:53:5:touchgfx::Drawable::Drawable()	0	static
TextArea.hpp:47:5:touchgfx::TextArea::TextArea()	8	static
Color.hpp:51:22:static touchgfx::colortype touchgfx::Color::getColorFrom24BitRGB(uint8_t, uint8_t, uint8_t)	16	static
mainScreenViewBase.cpp:9:1:mainScreenViewBase::mainScreenViewBase()	120	static
