Font.hpp:177:30:virtual const GlyphNode* touchgfx::Font::getGlyph(touchgfx::Unicode::UnicodeChar) const	16	static
Font.hpp:196:34:virtual touchgfx::Unicode::UnicodeChar touchgfx::Font::getFallbackChar() const	0	static
Font.hpp:209:34:virtual touchgfx::Unicode::UnicodeChar touchgfx::Font::getEllipsisChar() const	0	static
Font.hpp:298:44:virtual uint16_t touchgfx::Font::getFontHeight() const	0	static
Font.hpp:310:44:virtual uint16_t touchgfx::Font::getMinimumTextHeight() const	0	static
Font.hpp:320:43:virtual uint8_t touchgfx::Font::getBitsPerPixel() const	0	static
Font.hpp:330:43:virtual uint8_t touchgfx::Font::getByteAlignRow() const	0	static
Font.hpp:367:20:virtual int8_t touchgfx::Font::getKerning(touchgfx::Unicode::UnicodeChar, const GlyphNode*) const	0	static
Font.hpp:387:29:virtual const uint16_t* touchgfx::Font::getGSUBTable() const	0	static
Texts.cpp:13:10:) const	12	static
Texts.cpp:22:10:) const	16	static
Texts.cpp:31:32:touchgfx::Unicode::UnicodeChar touchgfx::TextProvider::getNextLigature(touchgfx::TextDirection)	8	static
Texts.cpp:45:6:void touchgfx::TextProvider::initializeInternal()	0	static
Texts.cpp:50:6:)	32	static
Texts.cpp:89:6:static void touchgfx::Texts::setLanguage(touchgfx::LanguageId)	16	static
Texts.cpp:119:6:static void touchgfx::Texts::setTranslation(touchgfx::LanguageId, const void*)	0	static
Texts.cpp:124:39:const UnicodeChar* touchgfx::Texts::getText(touchgfx::TypedTextId) const	0	static
